What size (2, 3, 4, 5)? What strategy ([B]rute force, B[i]tfield, [K]nuth)? Y Y Y
Please score attempt (positions, colors): B Y Y
Please score attempt (positions, colors): G Y Y
Please score attempt (positions, colors): R Y Y
Please score attempt (positions, colors): P Y Y
Please score attempt (positions, colors): O Y Y
Please score attempt (positions, colors): Y B Y
Please score attempt (positions, colors): B B Y
Please score attempt (positions, colors): G B Y
Please score attempt (positions, colors): R B Y
Please score attempt (positions, colors): P B Y
Please score attempt (positions, colors): O B Y
Please score attempt (positions, colors): Y G Y
Please score attempt (positions, colors): B G Y
Please score attempt (positions, colors): G G Y
Please score attempt (positions, colors): R G Y
Please score attempt (positions, colors): P G Y
Please score attempt (positions, colors): O G Y
Please score attempt (positions, colors): Y R Y
Please score attempt (positions, colors): B R Y
Please score attempt (positions, colors): G R Y
Please score attempt (positions, colors): R R Y
Please score attempt (positions, colors): P R Y
Please score attempt (positions, colors): O R Y
Please score attempt (positions, colors): Y P Y
Please score attempt (positions, colors): B P Y
Please score attempt (positions, colors): G P Y
Please score attempt (positions, colors): R P Y
Please score attempt (positions, colors): P P Y
Please score attempt (positions, colors): O P Y
Please score attempt (positions, colors): Y O Y
Please score attempt (positions, colors): B O Y
Please score attempt (positions, colors): G O Y
Please score attempt (positions, colors): R O Y
Please score attempt (positions, colors): P O Y
Please score attempt (positions, colors): O O Y
Please score attempt (positions, colors): Y Y B
Please score attempt (positions, colors): B Y B
Please score attempt (positions, colors): G Y B
Please score attempt (positions, colors): R Y B
Please score attempt (positions, colors): P Y B
Please score attempt (positions, colors): O Y B
Please score attempt (positions, colors): Y B B
Please score attempt (positions, colors): B B B
Please score attempt (positions, colors): G B B
Please score attempt (positions, colors): R B B
Please score attempt (positions, colors): P B B
Please score attempt (positions, colors): O B B
Please score attempt (positions, colors): Y G B
Please score attempt (positions, colors): B G B
Please score attempt (positions, colors): G G B
Please score attempt (positions, colors): R G B
Please score attempt (positions, colors): P G B
Please score attempt (positions, colors): O G B
Please score attempt (positions, colors): Y R B
Please score attempt (positions, colors): B R B
Please score attempt (positions, colors): G R B
Please score attempt (positions, colors): R R B
Please score attempt (positions, colors): P R B
Please score attempt (positions, colors): O R B
Please score attempt (positions, colors): Y P B
Please score attempt (positions, colors): B P B
Please score attempt (positions, colors): G P B
Please score attempt (positions, colors): R P B
Please score attempt (positions, colors): P P B
Please score attempt (positions, colors): O P B
Please score attempt (positions, colors): Y O B
Please score attempt (positions, colors): B O B
Please score attempt (positions, colors): G O B
Please score attempt (positions, colors): R O B
Please score attempt (positions, colors): P O B
Please score attempt (positions, colors): O O B
Please score attempt (positions, colors): Y Y G
Please score attempt (positions, colors): B Y G
Please score attempt (positions, colors): G Y G
Please score attempt (positions, colors): R Y G
Please score attempt (positions, colors): P Y G
Please score attempt (positions, colors): O Y G
Please score attempt (positions, colors): Y B G
Please score attempt (positions, colors): B B G
Please score attempt (positions, colors): G B G
Please score attempt (positions, colors): R B G
Please score attempt (positions, colors): P B G
Please score attempt (positions, colors): O B G
Please score attempt (positions, colors): Y G G
Please score attempt (positions, colors): B G G
Please score attempt (positions, colors): G G G
Please score attempt (positions, colors): R G G
Please score attempt (positions, colors): P G G
Please score attempt (positions, colors): O G G
Please score attempt (positions, colors): Y R G
Please score attempt (positions, colors): B R G
Please score attempt (positions, colors): G R G
Please score attempt (positions, colors): R R G
Please score attempt (positions, colors): P R G
Please score attempt (positions, colors): O R G
Please score attempt (positions, colors): Y P G
Please score attempt (positions, colors): B P G
Please score attempt (positions, colors): G P G
Please score attempt (positions, colors): R P G
Please score attempt (positions, colors): P P G
Please score attempt (positions, colors): O P G
Please score attempt (positions, colors): Y O G
Please score attempt (positions, colors): B O G
Please score attempt (positions, colors): G O G
Please score attempt (positions, colors): R O G
Please score attempt (positions, colors): P O G
Please score attempt (positions, colors): O O G
Please score attempt (positions, colors): Y Y R
Please score attempt (positions, colors): B Y R
Please score attempt (positions, colors): G Y R
Please score attempt (positions, colors): R Y R
Please score attempt (positions, colors): P Y R
Please score attempt (positions, colors): O Y R
Please score attempt (positions, colors): Y B R
Please score attempt (positions, colors): B B R
Please score attempt (positions, colors): G B R
Please score attempt (positions, colors): R B R
Please score attempt (positions, colors): P B R
Please score attempt (positions, colors): O B R
Please score attempt (positions, colors): Y G R
Please score attempt (positions, colors): B G R
Please score attempt (positions, colors): G G R
Please score attempt (positions, colors): R G R
Please score attempt (positions, colors): P G R
Please score attempt (positions, colors): O G R
Please score attempt (positions, colors): Y R R
Please score attempt (positions, colors): B R R
Please score attempt (positions, colors): G R R
Please score attempt (positions, colors): R R R
Please score attempt (positions, colors): P R R
Please score attempt (positions, colors): O R R
Please score attempt (positions, colors): Y P R
Please score attempt (positions, colors): B P R
Please score attempt (positions, colors): G P R
Please score attempt (positions, colors): R P R
Please score attempt (positions, colors): P P R
Please score attempt (positions, colors): O P R
Please score attempt (positions, colors): Y O R
Please score attempt (positions, colors): B O R
Please score attempt (positions, colors): G O R
Please score attempt (positions, colors): R O R
Please score attempt (positions, colors): P O R
Please score attempt (positions, colors): O O R
Please score attempt (positions, colors): Y Y P
Please score attempt (positions, colors): B Y P
Please score attempt (positions, colors): G Y P
Please score attempt (positions, colors): R Y P
Please score attempt (positions, colors): P Y P
Please score attempt (positions, colors): O Y P
Please score attempt (positions, colors): Y B P
Please score attempt (positions, colors): B B P
Please score attempt (positions, colors): G B P
Please score attempt (positions, colors): R B P
Please score attempt (positions, colors): P B P
Please score attempt (positions, colors): O B P
Please score attempt (positions, colors): Y G P
Please score attempt (positions, colors): B G P
Please score attempt (positions, colors): G G P
Please score attempt (positions, colors): R G P
Please score attempt (positions, colors): P G P
Please score attempt (positions, colors): O G P
Please score attempt (positions, colors): Y R P
Please score attempt (positions, colors): B R P
Please score attempt (positions, colors): G R P
Please score attempt (positions, colors): R R P
Please score attempt (positions, colors): P R P
Please score attempt (positions, colors): O R P
Please score attempt (positions, colors): Y P P
Please score attempt (positions, colors): Found solution: Y P P
