What size (2, 3, 4, 5)? What strategy ([B]rute force, B[i]tfield, [K]nuth)? Y Y B B
Please score attempt (positions, colors): P R G G
Please score attempt (positions, colors): O G O G
Please score attempt (positions, colors): O R R G
Please score attempt (positions, colors): G G G G
Please score attempt (positions, colors): Found solution: G G G G
