What size (2, 3, 4, 5)? What strategy ([B]rute force, B[i]tfield, [K]nuth)? Y Y Y Y
Please score attempt (positions, colors): B B B B
Please score attempt (positions, colors): G G G G
Please score attempt (positions, colors): R R G G
Please score attempt (positions, colors): P G R G
Please score attempt (positions, colors): O G G R
Please score attempt (positions, colors): Found solution: O G G R
